Archive member included to satisfy reference by file (symbol)

C:/Apps/arm-toolchain/bin/../lib/gcc/arm-none-eabi/13.2.1/thumb/v8-m.main+fp/hard\libc_nano.a(libc_a-assert.o)
                              H:/programering/nrfx/src/sample/../../build/list.c.o (__assert_func)
C:/Apps/arm-toolchain/bin/../lib/gcc/arm-none-eabi/13.2.1/thumb/v8-m.main+fp/hard\libc_nano.a(libc_a-atoi.o)
                              H:/programering/nrfx/src/sample/../../build/main.c.o (atoi)
C:/Apps/arm-toolchain/bin/../lib/gcc/arm-none-eabi/13.2.1/thumb/v8-m.main+fp/hard\libc_nano.a(libc_a-exit.o)
                              C:/Apps/arm-toolchain/bin/../lib/gcc/arm-none-eabi/13.2.1/thumb/v8-m.main+fp/hard/crt0.o (exit)
C:/Apps/arm-toolchain/bin/../lib/gcc/arm-none-eabi/13.2.1/thumb/v8-m.main+fp/hard\libc_nano.a(libc_a-malloc.o)
                              H:/programering/nrfx/src/sample/../../build/list.c.o (malloc)
C:/Apps/arm-toolchain/bin/../lib/gcc/arm-none-eabi/13.2.1/thumb/v8-m.main+fp/hard\libc_nano.a(libc_a-mallocr.o)
                              C:/Apps/arm-toolchain/bin/../lib/gcc/arm-none-eabi/13.2.1/thumb/v8-m.main+fp/hard\libc_nano.a(libc_a-malloc.o) (_malloc_r)
C:/Apps/arm-toolchain/bin/../lib/gcc/arm-none-eabi/13.2.1/thumb/v8-m.main+fp/hard\libc_nano.a(libc_a-mlock.o)
                              C:/Apps/arm-toolchain/bin/../lib/gcc/arm-none-eabi/13.2.1/thumb/v8-m.main+fp/hard\libc_nano.a(libc_a-mallocr.o) (__malloc_lock)
C:/Apps/arm-toolchain/bin/../lib/gcc/arm-none-eabi/13.2.1/thumb/v8-m.main+fp/hard\libc_nano.a(libc_a-rand.o)
                              H:/programering/nrfx/src/sample/../../build/main.c.o (srand)
C:/Apps/arm-toolchain/bin/../lib/gcc/arm-none-eabi/13.2.1/thumb/v8-m.main+fp/hard\libc_nano.a(libc_a-strtol.o)
                              C:/Apps/arm-toolchain/bin/../lib/gcc/arm-none-eabi/13.2.1/thumb/v8-m.main+fp/hard\libc_nano.a(libc_a-atoi.o) (_strtol_r)
C:/Apps/arm-toolchain/bin/../lib/gcc/arm-none-eabi/13.2.1/thumb/v8-m.main+fp/hard\libc_nano.a(libc_a-ctype_.o)
                              C:/Apps/arm-toolchain/bin/../lib/gcc/arm-none-eabi/13.2.1/thumb/v8-m.main+fp/hard\libc_nano.a(libc_a-strtol.o) (_ctype_)
C:/Apps/arm-toolchain/bin/../lib/gcc/arm-none-eabi/13.2.1/thumb/v8-m.main+fp/hard\libc_nano.a(libc_a-findfp.o)
                              C:/Apps/arm-toolchain/bin/../lib/gcc/arm-none-eabi/13.2.1/thumb/v8-m.main+fp/hard\libc_nano.a(libc_a-exit.o) (__stdio_exit_handler)
C:/Apps/arm-toolchain/bin/../lib/gcc/arm-none-eabi/13.2.1/thumb/v8-m.main+fp/hard\libc_nano.a(libc_a-fprintf.o)
                              C:/Apps/arm-toolchain/bin/../lib/gcc/arm-none-eabi/13.2.1/thumb/v8-m.main+fp/hard\libc_nano.a(libc_a-assert.o) (fiprintf)
C:/Apps/arm-toolchain/bin/../lib/gcc/arm-none-eabi/13.2.1/thumb/v8-m.main+fp/hard\libc_nano.a(libc_a-fwalk.o)
                              C:/Apps/arm-toolchain/bin/../lib/gcc/arm-none-eabi/13.2.1/thumb/v8-m.main+fp/hard\libc_nano.a(libc_a-findfp.o) (_fwalk_sglue)
C:/Apps/arm-toolchain/bin/../lib/gcc/arm-none-eabi/13.2.1/thumb/v8-m.main+fp/hard\libc_nano.a(libc_a-sprintf.o)
                              H:/programering/nrfx/src/sample/../../build/grupp_18.c.o (sprintf)
C:/Apps/arm-toolchain/bin/../lib/gcc/arm-none-eabi/13.2.1/thumb/v8-m.main+fp/hard\libc_nano.a(libc_a-stdio.o)
                              C:/Apps/arm-toolchain/bin/../lib/gcc/arm-none-eabi/13.2.1/thumb/v8-m.main+fp/hard\libc_nano.a(libc_a-findfp.o) (__sread)
C:/Apps/arm-toolchain/bin/../lib/gcc/arm-none-eabi/13.2.1/thumb/v8-m.main+fp/hard\libc_nano.a(libc_a-memset.o)
                              C:/Apps/arm-toolchain/bin/../lib/gcc/arm-none-eabi/13.2.1/thumb/v8-m.main+fp/hard/crt0.o (memset)
C:/Apps/arm-toolchain/bin/../lib/gcc/arm-none-eabi/13.2.1/thumb/v8-m.main+fp/hard\libc_nano.a(libc_a-closer.o)
                              C:/Apps/arm-toolchain/bin/../lib/gcc/arm-none-eabi/13.2.1/thumb/v8-m.main+fp/hard\libc_nano.a(libc_a-stdio.o) (_close_r)
C:/Apps/arm-toolchain/bin/../lib/gcc/arm-none-eabi/13.2.1/thumb/v8-m.main+fp/hard\libc_nano.a(libc_a-reent.o)
                              C:/Apps/arm-toolchain/bin/../lib/gcc/arm-none-eabi/13.2.1/thumb/v8-m.main+fp/hard\libc_nano.a(libc_a-closer.o) (errno)
C:/Apps/arm-toolchain/bin/../lib/gcc/arm-none-eabi/13.2.1/thumb/v8-m.main+fp/hard\libc_nano.a(libc_a-impure.o)
                              C:/Apps/arm-toolchain/bin/../lib/gcc/arm-none-eabi/13.2.1/thumb/v8-m.main+fp/hard\libc_nano.a(libc_a-assert.o) (_impure_ptr)
C:/Apps/arm-toolchain/bin/../lib/gcc/arm-none-eabi/13.2.1/thumb/v8-m.main+fp/hard\libc_nano.a(libc_a-lseekr.o)
                              C:/Apps/arm-toolchain/bin/../lib/gcc/arm-none-eabi/13.2.1/thumb/v8-m.main+fp/hard\libc_nano.a(libc_a-stdio.o) (_lseek_r)
C:/Apps/arm-toolchain/bin/../lib/gcc/arm-none-eabi/13.2.1/thumb/v8-m.main+fp/hard\libc_nano.a(libc_a-readr.o)
                              C:/Apps/arm-toolchain/bin/../lib/gcc/arm-none-eabi/13.2.1/thumb/v8-m.main+fp/hard\libc_nano.a(libc_a-stdio.o) (_read_r)
[...]
Memory Configuration

Name             Origin             Length             Attributes
FLASH            0x00000000         0x00100000         xr
EXTFLASH         0x10000000         0x08000000         xr
RAM              0x20000000         0x00040000         xrw
RAM1             0x20040000         0x0003f000         xrw
*default*        0x00000000         0xffffffff

Linker script and memory map

LOAD C:/Apps/arm-toolchain/bin/../lib/gcc/arm-none-eabi/13.2.1/thumb/v8-m.main+fp/hard/crti.o
LOAD C:/Apps/arm-toolchain/bin/../lib/gcc/arm-none-eabi/13.2.1/thumb/v8-m.main+fp/hard/crtbegin.o
LOAD C:/Apps/arm-toolchain/bin/../lib/gcc/arm-none-eabi/13.2.1/thumb/v8-m.main+fp/hard/crt0.o
LOAD H:/programering/nrfx/src/sample/../../build/nrfx_uarte.c.o
LOAD H:/programering/nrfx/src/sample/../../build/nrfx_systick.c.o
LOAD H:/programering/nrfx/src/sample/../../build/gcc_startup_nrf5340_application.S.o
LOAD H:/programering/nrfx/src/sample/../../build/system_nrf5340_application.c.o
LOAD H:/programering/nrfx/src/sample/../../build/main.c.o
LOAD H:/programering/nrfx/src/sample/../../build/grupp_18.c.o
LOAD H:/programering/nrfx/src/sample/../../build/nrfx_rtc.c.o
LOAD H:/programering/nrfx/src/sample/../../build/list.c.o
LOAD C:/Apps/arm-toolchain/bin/../lib/gcc/arm-none-eabi/13.2.1/thumb/v8-m.main+fp/hard\libc_nano.a
LOAD C:/Apps/arm-toolchain/bin/../lib/gcc/arm-none-eabi/13.2.1/thumb/v8-m.main+fp/hard\libnosys.a
LOAD C:/Apps/arm-toolchain/bin/../lib/gcc/arm-none-eabi/13.2.1/thumb/v8-m.main+fp/hard\libm.a
START GROUP
LOAD C:/Apps/arm-toolchain/bin/../lib/gcc/arm-none-eabi/13.2.1/thumb/v8-m.main+fp/hard\libgcc.a
LOAD C:/Apps/arm-toolchain/bin/../lib/gcc/arm-none-eabi/13.2.1/thumb/v8-m.main+fp/hard\libg_nano.a
LOAD C:/Apps/arm-toolchain/bin/../lib/gcc/arm-none-eabi/13.2.1/thumb/v8-m.main+fp/hard\libc_nano.a
END GROUP
START GROUP
LOAD C:/Apps/arm-toolchain/bin/../lib/gcc/arm-none-eabi/13.2.1/thumb/v8-m.main+fp/hard\libgcc.a
LOAD C:/Apps/arm-toolchain/bin/../lib/gcc/arm-none-eabi/13.2.1/thumb/v8-m.main+fp/hard\libc_nano.a
END GROUP
LOAD C:/Apps/arm-toolchain/bin/../lib/gcc/arm-none-eabi/13.2.1/thumb/v8-m.main+fp/hard/crtend.o
LOAD C:/Apps/arm-toolchain/bin/../lib/gcc/arm-none-eabi/13.2.1/thumb/v8-m.main+fp/hard/crtn.o
START GROUP
LOAD C:/Apps/arm-toolchain/bin/../lib/gcc/arm-none-eabi/13.2.1/thumb/v8-m.main+fp/hard\libgcc.a
LOAD C:/Apps/arm-toolchain/bin/../lib/gcc/arm-none-eabi/13.2.1/thumb/v8-m.main+fp/hard\libc.a
LOAD C:/Apps/arm-toolchain/bin/../lib/gcc/arm-none-eabi/13.2.1/thumb/v8-m.main+fp/hard\libnosys.a
END GROUP
                0x00000000                        . = ALIGN (ORIGIN (FLASH), 0x4)

.vectors        0x00000000      0x400
                0x00000000                        __vectors_start = .
 *(.isr_vector)
 .isr_vector    0x00000000      0x400 H:/programering/nrfx/src/sample/../../build/gcc_startup_nrf5340_application.S.o
                0x00000000                __isr_vector
 *(.vectors)
                0x00000400                        __vectors_size = SIZEOF (.vectors)
                0x00000400                        __vectors_end = (__vectors_start + __vectors_size)
                0x00000001                        ASSERT (((__vectors_start == __vectors_end) || ((__vectors_end - ORIGIN (FLASH)) <= LENGTH (FLASH))), error: .vectors is too large to fit in FLASH memory segment)
                0x00000400                        . = ALIGN (0x4)

.ctors          0x00000400        0x0
                0x00000400                        __ctors_start = .
                0x00000400                        __CTOR_LIST__ = .
 *crtbegin*.o(.ctors)
 *(EXCLUDE_FILE(*crtend*.o) .ctors)
 *(SORT_BY_NAME(.ctors.*))
 *(.ctors)
                0x00000400                        __CTOR_END__ = .
                0x00000000                        __ctors_size = SIZEOF (.ctors)
                0x00000400                        __ctors_end = (__ctors_start + __ctors_size)
                0x00000001                        ASSERT (((__ctors_start == __ctors_end) || ((__ctors_end - ORIGIN (FLASH)) <= LENGTH (FLASH))), error: .ctors is too large to fit in FLASH memory segment)
                0x00000400                        . = ALIGN (0x4)

.dtors          0x00000400        0x0
                0x00000400                        __dtors_start = .
                0x00000400                        __DTOR_LIST__ = .
 *crtbegin*.o(.dtors)
 *(EXCLUDE_FILE(*crtend*.o) .dtors)
 *(SORT_BY_NAME(.dtors.*))
 *(.dtors)
                0x00000400                        __DTOR_END__ = .
                0x00000000                        __dtors_size = SIZEOF (.dtors)
                0x00000400                        __dtors_end = (__dtors_start + __dtors_size)
                0x00000001                        ASSERT (((__dtors_start == __dtors_end) || ((__dtors_end - ORIGIN (FLASH)) <= LENGTH (FLASH))), error: .dtors is too large to fit in FLASH memory segment)
                0x00000400                        . = ALIGN (0x4)

.rodata         0x00000400      0x1b8
                0x00000400                        . = ALIGN (0x4)
                0x00000400                        __rodata_start = .
 *(.rodata*)
 .rodata        0x00000400       0xb7 H:/programering/nrfx/src/sample/../../build/main.c.o
 .rodata._ctype_
                0x000004b7      0x101 C:/Apps/arm-toolchain/bin/../lib/gcc/arm-none-eabi/13.2.1/thumb/v8-m.main+fp/hard\libc_nano.a(libc_a-ctype_.o)
                0x000004b7                _ctype_
 *(.srodata .srodata.*)
                0x000001b8                        __rodata_size = SIZEOF (.rodata)
                0x000005b8                        __rodata_end = (__rodata_start + __rodata_size)
                0x00000001                        ASSERT (((__rodata_start == __rodata_end) || ((__rodata_end - ORIGIN (FLASH)) <= LENGTH (FLASH))), error: .rodata is too large to fit in FLASH memory segment)

.ARM.exidx      0x000005b8        0x8
 .ARM.exidx     0x000005b8        0x8 C:/Apps/arm-toolchain/bin/../lib/gcc/arm-none-eabi/13.2.1/thumb/v8-m.main+fp/hard/crt0.o
                                 0x10 (size before relaxing)
                0x000005c0                        . = ALIGN (0x4)

.text           0x000005c0     0x2d08
                0x000005c0                        __text_start = .
 *(.startup)
 *(.startup*)
 *(.text*)
 .text.deregister_tm_clones
                0x000005c0       0x1c C:/Apps/arm-toolchain/bin/../lib/gcc/arm-none-eabi/13.2.1/thumb/v8-m.main+fp/hard/crtbegin.o
 .text.register_tm_clones
                0x000005dc       0x28 C:/Apps/arm-toolchain/bin/../lib/gcc/arm-none-eabi/13.2.1/thumb/v8-m.main+fp/hard/crtbegin.o
 .text.__do_global_dtors_aux
                0x00000604       0x28 C:/Apps/arm-toolchain/bin/../lib/gcc/arm-none-eabi/13.2.1/thumb/v8-m.main+fp/hard/crtbegin.o
 .text.frame_dummy
                0x0000062c       0x24 C:/Apps/arm-toolchain/bin/../lib/gcc/arm-none-eabi/13.2.1/thumb/v8-m.main+fp/hard/crtbegin.o
 .text          0x00000650       0x7c C:/Apps/arm-toolchain/bin/../lib/gcc/arm-none-eabi/13.2.1/thumb/v8-m.main+fp/hard/crt0.o
                0x00000650                _stack_init
                0x00000658                _start
                0x00000658                _mainCRTStartup
 .text.nrf_event_readback
                0x000006cc       0x18 H:/programering/nrfx/src/sample/../../build/nrfx_uarte.c.o
 .text.nrf_barrier_w
                0x000006e4        0xe H:/programering/nrfx/src/sample/../../build/nrfx_uarte.c.o
 .text.nrf_barrier_r
                0x000006f2        0xe H:/programering/nrfx/src/sample/../../build/nrfx_uarte.c.o
 .text.nrf_barrier_rw
                0x00000700        0xe H:/programering/nrfx/src/sample/../../build/nrfx_uarte.c.o
 .text.nrf_dma_accessible_check
                0x0000070e       0x28 H:/programering/nrfx/src/sample/../../build/nrfx_uarte.c.o
 .text.nrf_uarte_event_clear
                0x00000736       0x2a H:/programering/nrfx/src/sample/../../build/nrfx_uarte.c.o
 .text.nrf_uarte_event_check
                0x00000760       0x2a H:/programering/nrfx/src/sample/../../build/nrfx_uarte.c.o
 .text.nrf_uarte_shorts_enable
                0x0000078a       0x26 H:/programering/nrfx/src/sample/../../build/nrfx_uarte.c.o
 .text.nrf_uarte_shorts_disable
                0x000007b0       0x28 H:/programering/nrfx/src/sample/../../build/nrfx_uarte.c.o
 .text.nrf_uarte_int_enable
                0x000007d8       0x1e H:/programering/nrfx/src/sample/../../build/nrfx_uarte.c.o
 .text.nrf_uarte_int_disable
                0x000007f6       0x1e H:/programering/nrfx/src/sample/../../build/nrfx_uarte.c.o
 .text.nrf_uarte_errorsrc_get_and_clear
                0x00000814       0x26 H:/programering/nrfx/src/sample/../../build/nrfx_uarte.c.o
 .text.nrf_uarte_enable
                0x0000083a       0x1c H:/programering/nrfx/src/sample/../../build/nrfx_uarte.c.o
 .text.nrf_uarte_disable
                0x00000856       0x1c H:/programering/nrfx/src/sample/../../build/nrfx_uarte.c.o
 .text.nrf_uarte_txrx_pins_set
                0x00000872       0x28 H:/programering/nrfx/src/sample/../../build/nrfx_uarte.c.o
 .text.nrf_uarte_hwfc_pins_set
                0x0000089a       0x28 H:/programering/nrfx/src/sample/../../build/nrfx_uarte.c.o
 .text.nrf_uarte_task_trigger
                0x000008c2       0x22 H:/programering/nrfx/src/sample/../../build/nrfx_uarte.c.o
 .text.nrf_uarte_configure
                0x000008e4       0x36 H:/programering/nrfx/src/sample/../../build/nrfx_uarte.c.o
 .text.nrf_uarte_baudrate_set
                0x0000091a       0x1e H:/programering/nrfx/src/sample/../../build/nrfx_uarte.c.o
 .text.nrf_uarte_tx_buffer_set
                0x00000938       0x28 H:/programering/nrfx/src/sample/../../build/nrfx_uarte.c.o
 .text.nrf_uarte_tx_amount_get
                0x00000960       0x1a H:/programering/nrfx/src/sample/../../build/nrfx_uarte.c.o
 .text.nrf_uarte_rx_buffer_set
                0x0000097a       0x28 H:/programering/nrfx/src/sample/../../build/nrfx_uarte.c.o
 .text.nrf_uarte_rx_amount_get
                0x000009a2       0x1a H:/programering/nrfx/src/sample/../../build/nrfx_uarte.c.o
 .text.nrfy_uarte_periph_configure
                0x000009bc       0x72 H:/programering/nrfx/src/sample/../../build/nrfx_uarte.c.o
 .text.nrfy_uarte_int_init
                0x00000a2e       0xb8 H:/programering/nrfx/src/sample/../../build/nrfx_uarte.c.o
 .text.nrfy_uarte_events_process
                0x00000ae6       0x26 H:/programering/nrfx/src/sample/../../build/nrfx_uarte.c.o
 .text.nrfy_uarte_stop
                0x00000b0c       0x60 H:/programering/nrfx/src/sample/../../build/nrfx_uarte.c.o
 .text.nrfy_uarte_tx_start
                0x00000b6c       0x4c H:/programering/nrfx/src/sample/../../build/nrfx_uarte.c.o
 .text.nrfy_uarte_rx_start
                0x00000bb8       0x48 H:/programering/nrfx/src/sample/../../build/nrfx_uarte.c.o
 .text.nrfy_uarte_event_clear
                0x00000c00       0x22 H:/programering/nrfx/src/sample/../../build/nrfx_uarte.c.o
 .text.nrfy_uarte_shorts_enable
                0x00000c22       0x1e H:/programering/nrfx/src/sample/../../build/nrfx_uarte.c.o
 .text.nrfy_uarte_shorts_disable
                0x00000c40       0x1e H:/programering/nrfx/src/sample/../../build/nrfx_uarte.c.o
 .text.nrfy_uarte_int_enable
                0x00000c5e       0x1e H:/programering/nrfx/src/sample/../../build/nrfx_uarte.c.o
 .text.nrfy_uarte_int_disable
                0x00000c7c       0x1e H:/programering/nrfx/src/sample/../../build/nrfx_uarte.c.o
 .text.nrfy_uarte_errorsrc_get_and_clear
                0x00000c9a       0x22 H:/programering/nrfx/src/sample/../../build/nrfx_uarte.c.o
 .text.nrfy_uarte_enable
                0x00000cbc       0x1a H:/programering/nrfx/src/sample/../../build/nrfx_uarte.c.o
 .text.nrfy_uarte_disable
                0x00000cd6       0x1a H:/programering/nrfx/src/sample/../../build/nrfx_uarte.c.o
 .text.nrfy_uarte_task_trigger
                0x00000cf0       0x22 H:/programering/nrfx/src/sample/../../build/nrfx_uarte.c.o
 .text.nrfy_uarte_tx_buffer_set
                0x00000d12       0x28 H:/programering/nrfx/src/sample/../../build/nrfx_uarte.c.o
 .text.nrfy_uarte_tx_amount_get
                0x00000d3a       0x22 H:/programering/nrfx/src/sample/../../build/nrfx_uarte.c.o
 .text.nrfy_uarte_rx_buffer_set
                0x00000d5c       0x22 H:/programering/nrfx/src/sample/../../build/nrfx_uarte.c.o
 .text.nrfy_uarte_rx_amount_get
                0x00000d7e       0x22 H:/programering/nrfx/src/sample/../../build/nrfx_uarte.c.o
 .text.__nrfy_internal_uarte_event_enabled_clear
                0x00000da0       0x38 H:/programering/nrfx/src/sample/../../build/nrfx_uarte.c.o
 .text.__nrfy_internal_uarte_event_handle
                0x00000dd8       0x6e H:/programering/nrfx/src/sample/../../build/nrfx_uarte.c.o
 .text.__nrfy_internal_uarte_events_process
                0x00000e46       0xf2 H:/programering/nrfx/src/sample/../../build/nrfx_uarte.c.o
 .text.nrf_gpio_pin_port_decode
                0x00000f38       0x3c H:/programering/nrfx/src/sample/../../build/nrfx_uarte.c.o
 .text.nrf_gpio_cfg
                0x00000f74       0x7c H:/programering/nrfx/src/sample/../../build/nrfx_uarte.c.o
 .text.nrf_gpio_cfg_output
                0x00000ff0       0x24 H:/programering/nrfx/src/sample/../../build/nrfx_uarte.c.o
 .text.nrf_gpio_cfg_input
                0x00001014       0x28 H:/programering/nrfx/src/sample/../../build/nrfx_uarte.c.o
 .text.nrf_gpio_pin_set
                0x0000103c       0x2a H:/programering/nrfx/src/sample/../../build/nrfx_uarte.c.o
 .text.nrf_gpio_port_out_set
                0x00001066       0x1c H:/programering/nrfx/src/sample/../../build/nrfx_uarte.c.o
 .text.nrf_gpio_pin_port_number_extract
                0x00001082       0x28 H:/programering/nrfx/src/sample/../../build/nrfx_uarte.c.o
 .text.nrfy_gpio_cfg_output
                0x000010aa       0x1a H:/programering/nrfx/src/sample/../../build/nrfx_uarte.c.o
 .text.nrfy_gpio_cfg_input
                0x000010c4       0x22 H:/programering/nrfx/src/sample/../../build/nrfx_uarte.c.o
 .text.nrfy_gpio_pin_set
                0x000010e6       0x1a H:/programering/nrfx/src/sample/../../build/nrfx_uarte.c.o
 .text.uarte_configure
                0x00001100      0x138 H:/programering/nrfx/src/sample/../../build/nrfx_uarte.c.o
 .text.apply_workaround_for_enable_anomaly
                0x00001238       0x8e H:/programering/nrfx/src/sample/../../build/nrfx_uarte.c.o
 *fill*         0x000012c6        0x2 
 .text.nrfx_uarte_init
                0x000012c8       0xb4 H:/programering/nrfx/src/sample/../../build/nrfx_uarte.c.o
                0x000012c8                nrfx_uarte_init
 .text.nrfx_uarte_tx
                0x0000137c       0xf8 H:/programering/nrfx/src/sample/../../build/nrfx_uarte.c.o
                0x0000137c                nrfx_uarte_tx
 .text.nrfx_uarte_tx_in_progress
                0x00001474       0x38 H:/programering/nrfx/src/sample/../../build/nrfx_uarte.c.o
                0x00001474                nrfx_uarte_tx_in_progress
 .text.nrfx_uarte_rx
                0x000014ac      0x194 H:/programering/nrfx/src/sample/../../build/nrfx_uarte.c.o
                0x000014ac                nrfx_uarte_rx
 .text.rx_done_event
                0x00001640       0x30 H:/programering/nrfx/src/sample/../../build/nrfx_uarte.c.o
 .text.tx_done_event
                0x00001670       0x36 H:/programering/nrfx/src/sample/../../build/nrfx_uarte.c.o
 *fill*         0x000016a6        0x2 
 .text.irq_handler
                0x000016a8      0x164 H:/programering/nrfx/src/sample/../../build/nrfx_uarte.c.o
 .text.SERIAL0_IRQHandler
                0x0000180c       0x18 H:/programering/nrfx/src/sample/../../build/nrfx_uarte.c.o
                0x0000180c                SERIAL0_IRQHandler
 .text.nrf_systick_csr_set
                0x00001824       0x20 H:/programering/nrfx/src/sample/../../build/nrfx_systick.c.o
 .text.nrf_systick_load_set
                0x00001844       0x20 H:/programering/nrfx/src/sample/../../build/nrfx_systick.c.o
 .text.nrfx_systick_init
                0x00001864       0x16 H:/programering/nrfx/src/sample/../../build/nrfx_systick.c.o
                0x00001864                nrfx_systick_init
 *fill*         0x0000187a        0x2 
 .text          0x0000187c       0x88 H:/programering/nrfx/src/sample/../../build/gcc_startup_nrf5340_application.S.o
                0x0000187c                Reset_Handler
                0x000018ec                NMI_Handler
                0x000018ee                HardFault_Handler
                0x000018f0                MemoryManagement_Handler
                0x000018f2                BusFault_Handler
                0x000018f4                UsageFault_Handler
                0x000018f6                SecureFault_Handler
                0x000018f8                SVC_Handler
                0x000018fa                DebugMon_Handler
                0x000018fc                PendSV_Handler
                0x000018fe                SysTick_Handler
                0x00001900                I2S0_IRQHandler
                0x00001900                IPC_IRQHandler
                0x00001900                SERIAL2_IRQHandler
                0x00001900                PWM3_IRQHandler
                0x00001900                QDEC1_IRQHandler
                0x00001900                FPU_IRQHandler
                0x00001900                USBD_IRQHandler
                0x00001900                WDT0_IRQHandler
                0x00001900                EGU3_IRQHandler
                0x00001900                KMU_IRQHandler
                0x00001900                CRYPTOCELL_IRQHandler
                0x00001900                SERIAL1_IRQHandler
                0x00001900                SPIM4_IRQHandler
                0x00001900                SERIAL3_IRQHandler
                0x00001900                CACHE_IRQHandler
                0x00001900                EGU4_IRQHandler
                0x00001900                SPU_IRQHandler
                0x00001900                EGU0_IRQHandler
                0x00001900                GPIOTE1_IRQHandler
                0x00001900                TIMER1_IRQHandler
                0x00001900                PWM2_IRQHandler
                0x00001900                PWM1_IRQHandler
                0x00001900                Default_Handler
                0x00001900                EGU1_IRQHandler
                0x00001900                EGU5_IRQHandler
                0x00001900                SAADC_IRQHandler
                0x00001900                GPIOTE0_IRQHandler
                0x00001900                EGU2_IRQHandler
                0x00001900                QDEC0_IRQHandler
                0x00001900                PWM0_IRQHandler
                0x00001900                RTC1_IRQHandler
                0x00001900                USBREGULATOR_IRQHandler
                0x00001900                NFCT_IRQHandler
                0x00001900                WDT1_IRQHandler
                0x00001900                TIMER0_IRQHandler
                0x00001900                TIMER2_IRQHandler
                0x00001900                QSPI_IRQHandler
                0x00001900                COMP_LPCOMP_IRQHandler
                0x00001900                CLOCK_POWER_IRQHandler
                0x00001900                PDM0_IRQHandler
 .text.nrf53_errata_42
                0x00001904       0x64 H:/programering/nrfx/src/sample/../../build/system_nrf5340_application.c.o
 .text.nrf53_errata_46
                0x00001968       0x64 H:/programering/nrfx/src/sample/../../build/system_nrf5340_application.c.o
 .text.nrf53_errata_49
                0x000019cc       0x64 H:/programering/nrfx/src/sample/../../build/system_nrf5340_application.c.o
 .text.nrf53_errata_55
                0x00001a30       0x64 H:/programering/nrfx/src/sample/../../build/system_nrf5340_application.c.o
 .text.nrf53_errata_64
                0x00001a94       0x64 H:/programering/nrfx/src/sample/../../build/system_nrf5340_application.c.o
 .text.nrf53_errata_69
                0x00001af8       0x64 H:/programering/nrfx/src/sample/../../build/system_nrf5340_application.c.o
 .text.nrf53_errata_97
                0x00001b5c       0x64 H:/programering/nrfx/src/sample/../../build/system_nrf5340_application.c.o
 .text.nrf53_errata_140
                0x00001bc0       0x64 H:/programering/nrfx/src/sample/../../build/system_nrf5340_application.c.o
 .text.nrf53_errata_160
                0x00001c24       0x64 H:/programering/nrfx/src/sample/../../build/system_nrf5340_application.c.o
 .text.nrf53_handle_approtect
                0x00001c88       0x2c H:/programering/nrfx/src/sample/../../build/system_nrf5340_application.c.o
 .text.SystemInit
                0x00001cb4      0x224 H:/programering/nrfx/src/sample/../../build/system_nrf5340_application.c.o
                0x00001cb4                SystemInit
 .text.SystemStoreFICRNS
                0x00001ed8       0x64 H:/programering/nrfx/src/sample/../../build/system_nrf5340_application.c.o
                0x00001ed8                SystemStoreFICRNS
 .text.__NVIC_EnableIRQ
                0x00001f3c       0x3c H:/programering/nrfx/src/sample/../../build/main.c.o
 .text.__NVIC_ClearPendingIRQ
                0x00001f78       0x3c H:/programering/nrfx/src/sample/../../build/main.c.o
 .text.nrf_barrier_r
                0x00001fb4        0xe H:/programering/nrfx/src/sample/../../build/main.c.o
 .text.nrf_rtc_counter_get
                0x00001fc2       0x1a H:/programering/nrfx/src/sample/../../build/main.c.o
 .text.nrfy_rtc_counter_get
                0x00001fdc       0x22 H:/programering/nrfx/src/sample/../../build/main.c.o
 .text.nrfx_rtc_counter_get
                0x00001ffe       0x1c H:/programering/nrfx/src/sample/../../build/main.c.o
 .text.read_int
                0x0000201a       0x1a H:/programering/nrfx/src/sample/../../build/main.c.o
                0x0000201a                read_int
 .text.uarte_handler
                0x00002034       0x88 H:/programering/nrfx/src/sample/../../build/main.c.o
                0x00002034                uarte_handler
 .text.init_stuff
                0x000020bc       0x90 H:/programering/nrfx/src/sample/../../build/main.c.o
                0x000020bc                init_stuff
 *fill*         0x0000214c        0x4 
 .text.main     0x00002150      0x234 H:/programering/nrfx/src/sample/../../build/main.c.o
                0x00002150                main
 .text.uarte_write
                0x00002384       0x34 H:/programering/nrfx/src/sample/../../build/grupp_18.c.o
                0x00002384                uarte_write
 .text.nrf_event_readback
                0x000023b8       0x18 H:/programering/nrfx/src/sample/../../build/nrfx_rtc.c.o
 .text.nrf_barrier_w
                0x000023d0        0xe H:/programering/nrfx/src/sample/../../build/nrfx_rtc.c.o
 .text.nrf_barrier_r
                0x000023de        0xe H:/programering/nrfx/src/sample/../../build/nrfx_rtc.c.o
 .text.nrf_barrier_rw
                0x000023ec        0xe H:/programering/nrfx/src/sample/../../build/nrfx_rtc.c.o
 .text.nrf_rtc_int_enable
                0x000023fa       0x1e H:/programering/nrfx/src/sample/../../build/nrfx_rtc.c.o
 .text.nrf_rtc_int_enable_check
                0x00002418       0x20 H:/programering/nrfx/src/sample/../../build/nrfx_rtc.c.o
 .text.nrf_rtc_event_check
                0x00002438       0x2a H:/programering/nrfx/src/sample/../../build/nrfx_rtc.c.o
 .text.nrf_rtc_event_clear
                0x00002462       0x2a H:/programering/nrfx/src/sample/../../build/nrfx_rtc.c.o
 .text.nrf_rtc_prescaler_set
                0x0000248c       0x1e H:/programering/nrfx/src/sample/../../build/nrfx_rtc.c.o
 .text.nrf_rtc_task_trigger
                0x000024aa       0x24 H:/programering/nrfx/src/sample/../../build/nrfx_rtc.c.o
 .text.nrf_rtc_event_disable
                0x000024ce       0x1e H:/programering/nrfx/src/sample/../../build/nrfx_rtc.c.o
 .text.nrf_rtc_compare_event_get
                0x000024ec       0x20 H:/programering/nrfx/src/sample/../../build/nrfx_rtc.c.o
 .text.nrfy_rtc_periph_configure
                0x0000250c       0x22 H:/programering/nrfx/src/sample/../../build/nrfx_rtc.c.o
 .text.nrfy_rtc_int_init
                0x0000252e       0x74 H:/programering/nrfx/src/sample/../../build/nrfx_rtc.c.o
 .text.nrfy_rtc_events_process
                0x000025a2       0x22 H:/programering/nrfx/src/sample/../../build/nrfx_rtc.c.o
 .text.nrfy_rtc_int_enable_check
                0x000025c4       0x26 H:/programering/nrfx/src/sample/../../build/nrfx_rtc.c.o
 .text.nrfy_rtc_task_trigger
                0x000025ea       0x22 H:/programering/nrfx/src/sample/../../build/nrfx_rtc.c.o
 .text.nrfy_rtc_event_disable
                0x0000260c       0x1e H:/programering/nrfx/src/sample/../../build/nrfx_rtc.c.o
 .text.__nrfy_internal_rtc_event_handle
                0x0000262a       0x6e H:/programering/nrfx/src/sample/../../build/nrfx_rtc.c.o
 .text.__nrfy_internal_rtc_events_process
                0x00002698       0x68 H:/programering/nrfx/src/sample/../../build/nrfx_rtc.c.o
 .text.__nrfy_internal_rtc_event_enabled_clear
                0x00002700       0x38 H:/programering/nrfx/src/sample/../../build/nrfx_rtc.c.o
 .text.nrfx_rtc_init
                0x00002738       0xa8 H:/programering/nrfx/src/sample/../../build/nrfx_rtc.c.o
                0x00002738                nrfx_rtc_init
 .text.nrfx_rtc_enable
                0x000027e0       0x30 H:/programering/nrfx/src/sample/../../build/nrfx_rtc.c.o
                0x000027e0                nrfx_rtc_enable
 .text.irq_handler
                0x00002810       0xcc H:/programering/nrfx/src/sample/../../build/nrfx_rtc.c.o
 .text.RTC0_IRQHandler
                0x000028dc       0x18 H:/programering/nrfx/src/sample/../../build/nrfx_rtc.c.o
                0x000028dc                RTC0_IRQHandler
 .text.atoi     0x000028f4        0x8 C:/Apps/arm-toolchain/bin/../lib/gcc/arm-none-eabi/13.2.1/thumb/v8-m.main+fp/hard\libc_nano.a(libc_a-atoi.o)
                0x000028f4                atoi
 .text.exit     0x000028fc       0x24 C:/Apps/arm-toolchain/bin/../lib/gcc/arm-none-eabi/13.2.1/thumb/v8-m.main+fp/hard\libc_nano.a(libc_a-exit.o)
                0x000028fc                exit
 .text._strtol_l.isra.0
                0x00002920       0xf4 C:/Apps/arm-toolchain/bin/../lib/gcc/arm-none-eabi/13.2.1/thumb/v8-m.main+fp/hard\libc_nano.a(libc_a-strtol.o)
 .text.strtol   0x00002a14       0x14 C:/Apps/arm-toolchain/bin/../lib/gcc/arm-none-eabi/13.2.1/thumb/v8-m.main+fp/hard\libc_nano.a(libc_a-strtol.o)
                0x00002a14                strtol
 .text.memset   0x00002a28       0x10 C:/Apps/arm-toolchain/bin/../lib/gcc/arm-none-eabi/13.2.1/thumb/v8-m.main+fp/hard\libc_nano.a(libc_a-memset.o)
                0x00002a28                memset
 .text.__errno  0x00002a38        0xc C:/Apps/arm-toolchain/bin/../lib/gcc/arm-none-eabi/13.2.1/thumb/v8-m.main+fp/hard\libc_nano.a(libc_a-errno.o)
                0x00002a38                __errno
 .text.__libc_init_array
                0x00002a44       0x48 C:/Apps/arm-toolchain/bin/../lib/gcc/arm-none-eabi/13.2.1/thumb/v8-m.main+fp/hard\libc_nano.a(libc_a-init.o)
                0x00002a44                __libc_init_array
 .text._exit    0x00002a8c        0x4 C:/Apps/arm-toolchain/bin/../lib/gcc/arm-none-eabi/13.2.1/thumb/v8-m.main+fp/hard\libnosys.a(_exit.o)
                0x00002a8c                _exit
 .text          0x00002a90      0x378 C:/Apps/arm-toolchain/bin/../lib/gcc/arm-none-eabi/13.2.1/thumb/v8-m.main+fp/hard\libgcc.a(_arm_addsubdf3.o)
                0x00002a90                __aeabi_drsub
                0x00002a98                __aeabi_dsub
                0x00002a98                __subdf3
                0x00002a9c                __aeabi_dadd
                0x00002a9c                __adddf3
                0x00002d14                __floatunsidf
                0x00002d14                __aeabi_ui2d
                0x00002d34                __floatsidf
                0x00002d34                __aeabi_i2d
                0x00002d58                __aeabi_f2d
                0x00002d58                __extendsfdf2
                0x00002d9c                __floatundidf
                0x00002d9c                __aeabi_ul2d
                0x00002dac                __floatdidf
                0x00002dac                __aeabi_l2d
 .text          0x00002e08      0x424 C:/Apps/arm-toolchain/bin/../lib/gcc/arm-none-eabi/13.2.1/thumb/v8-m.main+fp/hard\libgcc.a(_arm_muldivdf3.o)
                0x00002e08                __aeabi_dmul
                0x00002e08                __muldf3
                0x0000305c                __divdf3
                0x0000305c                __aeabi_ddiv
 .text          0x0000322c       0x50 C:/Apps/arm-toolchain/bin/../lib/gcc/arm-none-eabi/13.2.1/thumb/v8-m.main+fp/hard\libgcc.a(_arm_fixdfsi.o)
                0x0000322c                __aeabi_d2iz
                0x0000322c                __fixdfsi
                0x0000327c                        . = ALIGN (0x4)
 *(.init)
 .init          0x0000327c        0x4 C:/Apps/arm-toolchain/bin/../lib/gcc/arm-none-eabi/13.2.1/thumb/v8-m.main+fp/hard/crti.o
                0x0000327c                _init
 .init          0x00003280        0x8 C:/Apps/arm-toolchain/bin/../lib/gcc/arm-none-eabi/13.2.1/thumb/v8-m.main+fp/hard/crtn.o
                0x00003288                        . = ALIGN (0x4)
                0x00003288                        __preinit_array_start = .
 *(.preinit_array)
                0x00003288                        __preinit_array_end = .
                0x00003288                        . = ALIGN (0x4)
                0x00003288                        __init_array_start = .
 *(SORT_BY_NAME(.init_array.*))
 *(.init_array)
 .init_array    0x00003288        0x4 C:/Apps/arm-toolchain/bin/../lib/gcc/arm-none-eabi/13.2.1/thumb/v8-m.main+fp/hard/crtbegin.o
                0x0000328c                        __init_array_end = .
 *(.fini)
 .fini          0x0000328c        0x4 C:/Apps/arm-toolchain/bin/../lib/gcc/arm-none-eabi/13.2.1/thumb/v8-m.main+fp/hard/crti.o
                0x0000328c                _fini
 .fini          0x00003290        0x8 C:/Apps/arm-toolchain/bin/../lib/gcc/arm-none-eabi/13.2.1/thumb/v8-m.main+fp/hard/crtn.o
                0x00003298                        . = ALIGN (0x4)
                0x00003298                        __fini_array_start = .
 *(.fini_array)
 .fini_array    0x00003298        0x4 C:/Apps/arm-toolchain/bin/../lib/gcc/arm-none-eabi/13.2.1/thumb/v8-m.main+fp/hard/crtbegin.o
 *(SORT_BY_NAME(.fini_array.*))
                0x0000329c                        __fini_array_end = .
                0x0000329c                        . = ALIGN (0x4)
 *(.eh_frame*)
 .eh_frame      0x0000329c        0x0 C:/Apps/arm-toolchain/bin/../lib/gcc/arm-none-eabi/13.2.1/thumb/v8-m.main+fp/hard/crtbegin.o
 .eh_frame      0x0000329c       0x28 C:/Apps/arm-toolchain/bin/../lib/gcc/arm-none-eabi/13.2.1/thumb/v8-m.main+fp/hard\libc_nano.a(libc_a-strlen.o)
 .eh_frame      0x000032c4        0x4 C:/Apps/arm-toolchain/bin/../lib/gcc/arm-none-eabi/13.2.1/thumb/v8-m.main+fp/hard/crtend.o
                0x000032c8                        . = ALIGN (0x4)
 *(.eh_frame_hdr)
                0x000032c8                        . = ALIGN (0x4)
 *(.hash)
 *(.gnu.hash)
                0x000032c8                        . = ALIGN (0x4)
 *(.gnu_extab* .gnu.linkonce.extab.*)
                0x000032c8                        . = ALIGN (0x4)
                0x000032c8                        __exidx_start = .
 *(.gnu_exidx* .gnu.linkonce.exidx.*)
                0x000032c8                        . = ALIGN (0x4)
                0x000032c8                        __exidx_end = .
                0x00002d08                        __text_size = SIZEOF (.text)
                0x000032c8                        __text_end = (__text_start + __text_size)
                0x00000001                        ASSERT (((__text_start == __text_end) || ((__text_end - ORIGIN (FLASH)) <= LENGTH (FLASH))), error: .text is too large to fit in FLASH memory segment)

.glue_7         0x000032c8        0x0
 .glue_7        0x000032c8        0x0 linker stubs

.glue_7t        0x000032c8        0x0
 .glue_7t       0x000032c8        0x0 linker stubs

.vfp11_veneer   0x000032c8        0x0
 .vfp11_veneer  0x000032c8        0x0 linker stubs

.v4_bx          0x000032c8        0x0
 .v4_bx         0x000032c8        0x0 linker stubs

.iplt           0x000032c8        0x0
 .iplt          0x000032c8        0x0 C:/Apps/arm-toolchain/bin/../lib/gcc/arm-none-eabi/13.2.1/thumb/v8-m.main+fp/hard/crtbegin.o

.rel.dyn        0x000032c8        0x0
 .rel.iplt      0x000032c8        0x0 C:/Apps/arm-toolchain/bin/../lib/gcc/arm-none-eabi/13.2.1/thumb/v8-m.main+fp/hard/crtbegin.o
                0x000032c8                        . = ALIGN (0x4)

.copy.table     0x000032c8       0x30
                0x000032c8                        __copy_table_start__ = .
                0x000032c8        0x4 LONG 0x3310 __data_load_start
                0x000032cc        0x4 LONG 0x20000000 __data_start
                0x000032d0        0x4 LONG 0x19 ((__data_end - __data_start) / 0x4)
                0x000032d4        0x4 LONG 0x3374 __sdata_load_start
                0x000032d8        0x4 LONG 0x20000064 __sdata_start
                0x000032dc        0x4 LONG 0x0 ((__sdata_end - __sdata_start) / 0x4)
                0x000032e0        0x4 LONG 0x3374 __tdata_load_start
                0x000032e4        0x4 LONG 0x20000064 __tdata_start
                0x000032e8        0x4 LONG 0x0 ((__tdata_end - __tdata_start) / 0x4)
                0x000032ec        0x4 LONG 0x3374 __fast_load_start
                0x000032f0        0x4 LONG 0x20000064 __fast_start
                0x000032f4        0x4 LONG 0x0 ((__fast_end - __fast_start) / 0x4)
                0x000032f8                        __copy_table_end__ = .
                0x000032f8                        . = ALIGN (0x4)

.zero.table     0x000032f8       0x18
                0x000032f8                        __zero_table_start__ = .
                0x000032f8        0x4 LONG 0x20000064 __bss_start
                0x000032fc        0x4 LONG 0x7d ((__bss_end - __bss_start) / 0x4)
                0x00003300        0x4 LONG 0x20000258 __sbss_start
                0x00003304        0x4 LONG 0x0 ((__sbss_end - __sbss_start) / 0x4)
                0x00003308        0x4 LONG 0x20000258 __tbss_start
                0x0000330c        0x4 LONG 0x0 ((__tbss_end - __tbss_start) / 0x4)
                0x00003310                        __zero_table_end__ = .
                0x00003310                        . = ALIGN (0x4)
                0x00003310                        __etext = .
                [!provide]                        PROVIDE (etext = .)
                0x00003310                        PROVIDE (_etext = .)
                0x00003310                        . = ALIGN (0x4)
                0x00003310                        __all_data_load_start = .
                0x00003310                        __data_load_start = .

.data           0x20000000       0x64 load address 0x00003310
                0x20000000                        . = ALIGN (0x4)
                0x20000000                        __data_start = .
                0x20000000                        __data_start__ = .
 *(vtable)
 *(.data* .gnu.linkonce.d.*)
 .data.instance
                0x20000000        0x8 H:/programering/nrfx/src/sample/../../build/main.c.o
                0x20000000                instance
 .data.rtc_instance
                0x20000008        0x8 H:/programering/nrfx/src/sample/../../build/main.c.o
                0x20000008                rtc_instance
 .data.answer   0x20000010        0x4 H:/programering/nrfx/src/sample/../../build/main.c.o
                0x20000010                answer
 .data._impure_ptr
                0x20000014        0x4 C:/Apps/arm-toolchain/bin/../lib/gcc/arm-none-eabi/13.2.1/thumb/v8-m.main+fp/hard\libc_nano.a(libc_a-impure.o)
                0x20000014                _impure_ptr
 .data._impure_data
                0x20000018       0x4c C:/Apps/arm-toolchain/bin/../lib/gcc/arm-none-eabi/13.2.1/thumb/v8-m.main+fp/hard\libc_nano.a(libc_a-impure.o)
                0x20000018                _impure_data
                0x20000064                        . = ALIGN (0x4)
 *(.jcr*)
                0x00000064                        __data_size = SIZEOF (.data)
                0x20000064                        __data_end = (__data_start + __data_size)
                0x20000064                        __data_end__ = __data_end
                0x00003374                        __data_load_end = (__data_load_start + __data_size)
                0x00000001                        ASSERT (((__data_load_start == __data_load_end) || ((__data_load_end - ORIGIN (FLASH)) <= LENGTH (FLASH))), error: .data is too large to fit in FLASH memory segment)
                0x00000001                        ASSERT (((__data_start == __data_end) || ((__data_end - ORIGIN (RAM)) <= LENGTH (RAM))), error: .data is too large to fit in RAM memory segment)

.tm_clone_table
                0x20000064        0x0 load address 0x00003374
 .tm_clone_table
                0x20000064        0x0 C:/Apps/arm-toolchain/bin/../lib/gcc/arm-none-eabi/13.2.1/thumb/v8-m.main+fp/hard/crtbegin.o
 .tm_clone_table
                0x20000064        0x0 C:/Apps/arm-toolchain/bin/../lib/gcc/arm-none-eabi/13.2.1/thumb/v8-m.main+fp/hard/crtend.o

.igot.plt       0x20000064        0x0 load address 0x00003374
 .igot.plt      0x20000064        0x0 C:/Apps/arm-toolchain/bin/../lib/gcc/arm-none-eabi/13.2.1/thumb/v8-m.main+fp/hard/crtbegin.o
                0x20000064                        . = ALIGN (0x4)
                0x00003374                        __sdata_load_start = ALIGN (__data_load_end, 0x4)

.sdata          0x20000064        0x0 load address 0x00003374
                0x20000064                        . = ALIGN (0x4)
                0x20000064                        __sdata_start = .
 *(.sdata .sdata.* .gnu.linkonce.s.*)
 *(.sdata2 .sdata2.* .gnu.linkonce.s2.*)
                0x00000000                        __sdata_size = SIZEOF (.sdata)
                0x20000064                        __sdata_end = (__sdata_start + __sdata_size)
                0x00003374                        __sdata_load_end = (__sdata_load_start + __sdata_size)
                0x00000001                        ASSERT (((__sdata_load_start == __sdata_load_end) || ((__sdata_load_end - ORIGIN (FLASH)) <= LENGTH (FLASH))), error: .sdata is too large to fit in FLASH memory segment)
                0x00000001                        ASSERT (((__sdata_start == __sdata_end) || ((__sdata_end - ORIGIN (RAM)) <= LENGTH (RAM))), error: .sdata is too large to fit in RAM memory segment)
                0x20000064                        . = ALIGN (0x4)
                0x00003374                        __tdata_load_start = ALIGN (__sdata_load_end, 0x4)

.tdata          0x20000064        0x0 load address 0x00003374
                0x20000064                        . = ALIGN (0x4)
                0x20000064                        __tdata_start = .
 *(.tdata .tdata.* .gnu.linkonce.td.*)
 *(.stdata .stdata.*)
                0x00000000                        __tdata_size = SIZEOF (.tdata)
                0x20000064                        __tdata_end = (__tdata_start + __tdata_size)
                0x00003374                        __tdata_load_end = (__tdata_load_start + __tdata_size)
                0x00000001                        ASSERT (((__tdata_load_start == __tdata_load_end) || ((__tdata_load_end - ORIGIN (FLASH)) <= LENGTH (FLASH))), error: .tdata is too large to fit in FLASH memory segment)
                0x00000001                        ASSERT (((__tdata_start == __tdata_end) || ((__tdata_end - ORIGIN (RAM)) <= LENGTH (RAM))), error: .tdata is too large to fit in RAM memory segment)
                0x20000064                        . = ALIGN (0x4)
                0x00003374                        __fast_load_start = ALIGN (__tdata_load_end, 0x4)

.fast           0x20000064        0x0 load address 0x00003374
                0x20000064                        . = ALIGN (0x4)
                0x20000064                        __fast_start = .
 *(.fast .fast.*)
 *(.fastcode .fastcode.*)
 *(.fastdata .fastdata.*)
 *(.ramcode*)
                0x00000000                        __fast_size = SIZEOF (.fast)
                0x20000064                        __fast_end = (__fast_start + __fast_size)
                0x00003374                        __fast_load_end = (__fast_load_start + __fast_size)
                0x00000001                        ASSERT (((__fast_load_start == __fast_load_end) || ((__fast_load_end - ORIGIN (FLASH)) <= LENGTH (FLASH))), error: .fast is too large to fit in FLASH memory segment)
                0x00000001                        ASSERT (((__fast_start == __fast_end) || ((__fast_end - ORIGIN (RAM)) <= LENGTH (RAM))), error: .fast is too large to fit in RAM memory segment)
                0x20000064                        . = ALIGN (0x4)
                0x20000064                        _edata = .
                [!provide]                        PROVIDE (edata = .)
                [!provide]                        PROVIDE (__edata = .)
                0x20000064                        . = ALIGN (0x4)

.noinit         0x20000064        0x0
                0x20000064                        __noinit_start = .
                [!provide]                        PROVIDE (__noinit_start__ = .)
 *(.noinit .noinit.*)
 *(.no_init .no_init.*)
 *(.noninit .noninit.*)
 *(.non_init .non_init.*)
                0x20000064                        . = ALIGN (0x4)
                0x00000000                        __noinit_size = SIZEOF (.noinit)
                0x20000064                        __noinit_end = (__noinit_start + __noinit_size)
                0x20000064                        __noinit_end__ = __noinit_end
                0x00000001                        ASSERT (((__noinit_start == __noinit_end) || ((__noinit_end - ORIGIN (RAM)) <= LENGTH (RAM))), error: .noinit is too large to fit in RAM memory segment)
                0x20000064                        . = ALIGN (0x4)

.bss            0x20000064      0x1f4 load address 0x00003374
                0x20000064                        __bss_start = .
                0x20000064                        PROVIDE (__bss_start__ = .)
 *(.bss* .gnu.linkonce.b.*)
 .bss.completed.1
                0x20000064        0x1 C:/Apps/arm-toolchain/bin/../lib/gcc/arm-none-eabi/13.2.1/thumb/v8-m.main+fp/hard/crtbegin.o
 *fill*         0x20000065        0x3 
 .bss.object.0  0x20000068       0x18 C:/Apps/arm-toolchain/bin/../lib/gcc/arm-none-eabi/13.2.1/thumb/v8-m.main+fp/hard/crtbegin.o
 .bss.m_cb      0x20000080       0x24 H:/programering/nrfx/src/sample/../../build/nrfx_uarte.c.o
 .bss.uarte_buffer
                0x200000a4        0x1 H:/programering/nrfx/src/sample/../../build/main.c.o
                0x200000a4                uarte_buffer
 *fill*         0x200000a5        0x3 
 .bss.state     0x200000a8        0x4 H:/programering/nrfx/src/sample/../../build/main.c.o
                0x200000a8                state
 .bss.now       0x200000ac        0x4 H:/programering/nrfx/src/sample/../../build/main.c.o
                0x200000ac                now
 .bss.temp      0x200000b0       0x64 H:/programering/nrfx/src/sample/../../build/main.c.o
                0x200000b0                temp
 .bss.m_cb      0x20000114        0x8 H:/programering/nrfx/src/sample/../../build/nrfx_rtc.c.o
 .bss.__sf      0x2000011c      0x138 C:/Apps/arm-toolchain/bin/../lib/gcc/arm-none-eabi/13.2.1/thumb/v8-m.main+fp/hard\libc_nano.a(libc_a-findfp.o)
                0x2000011c                __sf
 .bss.__stdio_exit_handler
                0x20000254        0x4 C:/Apps/arm-toolchain/bin/../lib/gcc/arm-none-eabi/13.2.1/thumb/v8-m.main+fp/hard\libc_nano.a(libc_a-findfp.o)
                0x20000254                __stdio_exit_handler
 *(.dynbss)
 *(COMMON)
                0x20000258                        . = ALIGN (0x4)
                0x000001f4                        __bss_size = SIZEOF (.bss)
                0x20000258                        __bss_end = (__bss_start + __bss_size)
                0x20000258                        __bss_end__ = __bss_end
                0x00000001                        ASSERT (((__bss_start == __bss_end) || ((__bss_end - ORIGIN (RAM)) <= LENGTH (RAM))), error: .bss is too large to fit in RAM memory segment)
                0x20000258                        . = ALIGN (0x4)

.sbss           0x20000258        0x0
                0x20000258                        __sbss_start = .
                0x20000258                        __sbss_start__ = __sbss_start
 *(.sbss .sbss.* .gnu.linkonce.sb.*)
 *(.sbss2 .sbss2.* .gnu.linkonce.sb2.*)
 *(.dynsbss)
                0x20000258                        . = ALIGN (0x4)
                0x00000000                        __sbss_size = SIZEOF (.sbss)
                0x20000258                        __sbss_end = (__sbss_start + __sbss_size)
                0x20000258                        __sbss_end__ = __sbss_end
                0x00000001                        ASSERT (((__sbss_start == __sbss_end) || ((__sbss_end - ORIGIN (RAM)) <= LENGTH (RAM))), error: .sbss is too large to fit in RAM memory segment)
                0x20000258                        . = ALIGN (0x4)

.tbss           0x20000258        0x0
                0x20000258                        __tbss_start = .
                0x20000258                        __tbss_start__ = __tbss_start
                0x20000258                        . = ALIGN (0x4)
 *(.tbss .tbss.* .gnu.linkonce.tb.*)
 *(.tcommon)
 *(.stbss .stbss.*)
                0x20000258                        . = ALIGN (0x4)
                0x00000000                        __tbss_size = SIZEOF (.tbss)
                0x20000258                        __tbss_end = (__tbss_start + __tbss_size)
                0x20000258                        __tbss_end__ = __tbss_end
                0x00000001                        ASSERT (((__tbss_start == __tbss_end) || ((__tbss_end - ORIGIN (RAM)) <= LENGTH (RAM))), error: .tbss is too large to fit in RAM memory segment)
                0x20000258                        . = ALIGN (0x4)
                0x20000258                        . = SEGMENT_START ("ldata-segment", .)
                0x20000258                        . = ALIGN (0x4)

.heap           0x20000258     0x4000
                0x20000258                        __heap_start = .
                0x20000258                        __HeapBase = .
                0x20000258                        __heap_base = .
                0x20000258                        __end = .
                0x20000258                        PROVIDE (end = .)
                [!provide]                        PROVIDE (_end = .)
                [!provide]                        PROVIDE (__end__ = .)
 *(.heap*)
 .heap          0x20000258     0x4000 H:/programering/nrfx/src/sample/../../build/gcc_startup_nrf5340_application.S.o
                0x20004258                        __HeapLimit = .
                0x20004258                        __heap_limit = .
                0x20004258                        __heap_end = .

.stack_dummy    0x20000258     0x4000
 *(.stack*)
 .stack         0x20000258     0x4000 H:/programering/nrfx/src/sample/../../build/gcc_startup_nrf5340_application.S.o
                0x20040000                        __stack_end = (ORIGIN (RAM) + LENGTH (RAM))
                0x20040000                        __StackTop = (ORIGIN (RAM) + LENGTH (RAM))
                0x2003c000                        __StackLimit = (__StackTop - SIZEOF (.stack_dummy))
                0x20040000                        PROVIDE (__stack = __StackTop)
                0x00000001                        ASSERT ((__StackLimit >= __HeapLimit), region RAM overflowed with stack)
                0x00000064                        DataInitFlashUsed = (__bss_start - __data_start)
                0x00003310                        CodeFlashUsed = (_etext - ORIGIN (FLASH))
                0x00003374                        TotalFlashUsed = (CodeFlashUsed + DataInitFlashUsed)
                0x00000001                        ASSERT ((TotalFlashUsed <= LENGTH (FLASH)), region FLASH overflowed with .data and user data)
OUTPUT(H:/programering/nrfx/src/sample/../../build/nrf_test1.elf elf32-littlearm)
LOAD linker stubs

.ARM.attributes
                0x00000000       0x36
 .ARM.attributes
                0x00000000       0x26 C:/Apps/arm-toolchain/bin/../lib/gcc/arm-none-eabi/13.2.1/thumb/v8-m.main+fp/hard/crti.o
 .ARM.attributes
                0x00000026       0x38 C:/Apps/arm-toolchain/bin/../lib/gcc/arm-none-eabi/13.2.1/thumb/v8-m.main+fp/hard/crtbegin.o
 .ARM.attributes
                0x0000005e       0x24 C:/Apps/arm-toolchain/bin/../lib/gcc/arm-none-eabi/13.2.1/thumb/v8-m.main+fp/hard/crt0.o
 .ARM.attributes
                0x00000082       0x3a H:/programering/nrfx/src/sample/../../build/nrfx_uarte.c.o
 .ARM.attributes
                0x000000bc       0x3a H:/programering/nrfx/src/sample/../../build/nrfx_systick.c.o
 .ARM.attributes
                0x000000f6       0x24 H:/programering/nrfx/src/sample/../../build/gcc_startup_nrf5340_application.S.o
 .ARM.attributes
                0x0000011a       0x3a H:/programering/nrfx/src/sample/../../build/system_nrf5340_application.c.o
 .ARM.attributes
                0x00000154       0x3a H:/programering/nrfx/src/sample/../../build/main.c.o
 .ARM.attributes
                0x0000018e       0x3a H:/programering/nrfx/src/sample/../../build/grupp_18.c.o
 .ARM.attributes
                0x000001c8       0x3a H:/programering/nrfx/src/sample/../../build/nrfx_rtc.c.o
 .ARM.attributes
                0x00000202       0x38 C:/Apps/arm-toolchain/bin/../lib/gcc/arm-none-eabi/13.2.1/thumb/v8-m.main+fp/hard\libc_nano.a(libc_a-atoi.o)
 .ARM.attributes
                0x0000023a       0x38 C:/Apps/arm-toolchain/bin/../lib/gcc/arm-none-eabi/13.2.1/thumb/v8-m.main+fp/hard\libc_nano.a(libc_a-exit.o)
 .ARM.attributes
                0x00000272       0x38 C:/Apps/arm-toolchain/bin/../lib/gcc/arm-none-eabi/13.2.1/thumb/v8-m.main+fp/hard\libc_nano.a(libc_a-strtol.o)
 .ARM.attributes
                0x000002aa       0x38 C:/Apps/arm-toolchain/bin/../lib/gcc/arm-none-eabi/13.2.1/thumb/v8-m.main+fp/hard\libc_nano.a(libc_a-ctype_.o)
 .ARM.attributes
                0x000002e2       0x38 C:/Apps/arm-toolchain/bin/../lib/gcc/arm-none-eabi/13.2.1/thumb/v8-m.main+fp/hard\libc_nano.a(libc_a-findfp.o)
 .ARM.attributes
                0x0000031a       0x38 C:/Apps/arm-toolchain/bin/../lib/gcc/arm-none-eabi/13.2.1/thumb/v8-m.main+fp/hard\libc_nano.a(libc_a-memset.o)
 .ARM.attributes
                0x00000352       0x38 C:/Apps/arm-toolchain/bin/../lib/gcc/arm-none-eabi/13.2.1/thumb/v8-m.main+fp/hard\libc_nano.a(libc_a-impure.o)
 .ARM.attributes
                0x0000038a       0x38 C:/Apps/arm-toolchain/bin/../lib/gcc/arm-none-eabi/13.2.1/thumb/v8-m.main+fp/hard\libc_nano.a(libc_a-errno.o)
 .ARM.attributes
                0x000003c2       0x38 C:/Apps/arm-toolchain/bin/../lib/gcc/arm-none-eabi/13.2.1/thumb/v8-m.main+fp/hard\libc_nano.a(libc_a-init.o)
 .ARM.attributes
                0x000003fa       0x24 C:/Apps/arm-toolchain/bin/../lib/gcc/arm-none-eabi/13.2.1/thumb/v8-m.main+fp/hard\libc_nano.a(libc_a-strlen.o)
 .ARM.attributes
                0x0000041e       0x38 C:/Apps/arm-toolchain/bin/../lib/gcc/arm-none-eabi/13.2.1/thumb/v8-m.main+fp/hard\libnosys.a(_exit.o)
 .ARM.attributes
                0x00000456       0x26 C:/Apps/arm-toolchain/bin/../lib/gcc/arm-none-eabi/13.2.1/thumb/v8-m.main+fp/hard\libgcc.a(_arm_addsubdf3.o)
 .ARM.attributes
                0x0000047c       0x26 C:/Apps/arm-toolchain/bin/../lib/gcc/arm-none-eabi/13.2.1/thumb/v8-m.main+fp/hard\libgcc.a(_arm_muldivdf3.o)
 .ARM.attributes
                0x000004a2       0x26 C:/Apps/arm-toolchain/bin/../lib/gcc/arm-none-eabi/13.2.1/thumb/v8-m.main+fp/hard\libgcc.a(_arm_fixdfsi.o)
 .ARM.attributes
                0x000004c8       0x38 C:/Apps/arm-toolchain/bin/../lib/gcc/arm-none-eabi/13.2.1/thumb/v8-m.main+fp/hard/crtend.o
 .ARM.attributes
                0x00000500       0x26 C:/Apps/arm-toolchain/bin/../lib/gcc/arm-none-eabi/13.2.1/thumb/v8-m.main+fp/hard/crtn.o

.comment        0x00000000       0x44
 .comment       0x00000000       0x44 H:/programering/nrfx/src/sample/../../build/nrfx_uarte.c.o
                                 0x45 (size before relaxing)
 .comment       0x00000044       0x45 H:/programering/nrfx/src/sample/../../build/nrfx_systick.c.o
 .comment       0x00000044       0x45 H:/programering/nrfx/src/sample/../../build/system_nrf5340_application.c.o
 .comment       0x00000044       0x45 H:/programering/nrfx/src/sample/../../build/main.c.o
 .comment       0x00000044       0x45 H:/programering/nrfx/src/sample/../../build/grupp_18.c.o
 .comment       0x00000044       0x45 H:/programering/nrfx/src/sample/../../build/nrfx_rtc.c.o

.debug_line_str
                0x00000000      0x2f6
 .debug_line_str
                0x00000000      0x2f6 C:/Apps/arm-toolchain/bin/../lib/gcc/arm-none-eabi/13.2.1/thumb/v8-m.main+fp/hard/crt0.o
                                 0xda (size before relaxing)
 .debug_line_str
                0x000002f6       0x5b H:/programering/nrfx/src/sample/../../build/gcc_startup_nrf5340_application.S.o
 .debug_line_str
                0x000002f6       0xef C:/Apps/arm-toolchain/bin/../lib/gcc/arm-none-eabi/13.2.1/thumb/v8-m.main+fp/hard\libc_nano.a(libc_a-strlen.o)
 .debug_line_str
                0x000002f6       0xd2 C:/Apps/arm-toolchain/bin/../lib/gcc/arm-none-eabi/13.2.1/thumb/v8-m.main+fp/hard\libgcc.a(_arm_addsubdf3.o)
 .debug_line_str
                0x000002f6       0xd2 C:/Apps/arm-toolchain/bin/../lib/gcc/arm-none-eabi/13.2.1/thumb/v8-m.main+fp/hard\libgcc.a(_arm_muldivdf3.o)
 .debug_line_str
                0x000002f6       0xd2 C:/Apps/arm-toolchain/bin/../lib/gcc/arm-none-eabi/13.2.1/thumb/v8-m.main+fp/hard\libgcc.a(_arm_fixdfsi.o)

.debug_info     0x00000000     0x8af4
 .debug_info    0x00000000     0x245c H:/programering/nrfx/src/sample/../../build/nrfx_uarte.c.o
 .debug_info    0x0000245c      0x32d H:/programering/nrfx/src/sample/../../build/nrfx_systick.c.o
 .debug_info    0x00002789      0x2d8 H:/programering/nrfx/src/sample/../../build/gcc_startup_nrf5340_application.S.o
 .debug_info    0x00002a61     0x2c1d H:/programering/nrfx/src/sample/../../build/system_nrf5340_application.c.o
 .debug_info    0x0000567e     0x187b H:/programering/nrfx/src/sample/../../build/main.c.o
 .debug_info    0x00006ef9      0x893 H:/programering/nrfx/src/sample/../../build/grupp_18.c.o
 .debug_info    0x0000778c     0x1368 H:/programering/nrfx/src/sample/../../build/nrfx_rtc.c.o

.debug_abbrev   0x00000000     0x1096
 .debug_abbrev  0x00000000      0x3bc H:/programering/nrfx/src/sample/../../build/nrfx_uarte.c.o
 .debug_abbrev  0x000003bc      0x1ef H:/programering/nrfx/src/sample/../../build/nrfx_systick.c.o
 .debug_abbrev  0x000005ab       0x28 H:/programering/nrfx/src/sample/../../build/gcc_startup_nrf5340_application.S.o
 .debug_abbrev  0x000005d3      0x251 H:/programering/nrfx/src/sample/../../build/system_nrf5340_application.c.o
 .debug_abbrev  0x00000824      0x36b H:/programering/nrfx/src/sample/../../build/main.c.o
 .debug_abbrev  0x00000b8f      0x1e1 H:/programering/nrfx/src/sample/../../build/grupp_18.c.o
 .debug_abbrev  0x00000d70      0x326 H:/programering/nrfx/src/sample/../../build/nrfx_rtc.c.o

.debug_aranges  0x00000000      0x930
 .debug_aranges
                0x00000000      0x2c0 H:/programering/nrfx/src/sample/../../build/nrfx_uarte.c.o
 .debug_aranges
                0x000002c0       0x70 H:/programering/nrfx/src/sample/../../build/nrfx_systick.c.o
 .debug_aranges
                0x00000330       0x20 H:/programering/nrfx/src/sample/../../build/gcc_startup_nrf5340_application.S.o
 .debug_aranges
                0x00000350      0x398 H:/programering/nrfx/src/sample/../../build/system_nrf5340_application.c.o
 .debug_aranges
                0x000006e8       0x88 H:/programering/nrfx/src/sample/../../build/main.c.o
 .debug_aranges
                0x00000770       0x30 H:/programering/nrfx/src/sample/../../build/grupp_18.c.o
 .debug_aranges
                0x000007a0      0x190 H:/programering/nrfx/src/sample/../../build/nrfx_rtc.c.o

.debug_rnglists
                0x00000000      0x6c5
 .debug_rnglists
                0x00000000      0x216 H:/programering/nrfx/src/sample/../../build/nrfx_uarte.c.o
 .debug_rnglists
                0x00000216       0x50 H:/programering/nrfx/src/sample/../../build/nrfx_systick.c.o
 .debug_rnglists
                0x00000266      0x2ae H:/programering/nrfx/src/sample/../../build/system_nrf5340_application.c.o
 .debug_rnglists
                0x00000514       0x67 H:/programering/nrfx/src/sample/../../build/main.c.o
 .debug_rnglists
                0x0000057b       0x1f H:/programering/nrfx/src/sample/../../build/grupp_18.c.o
 .debug_rnglists
                0x0000059a      0x12b H:/programering/nrfx/src/sample/../../build/nrfx_rtc.c.o

.debug_macro    0x00000000    0x19236
 .debug_macro   0x00000000      0x2e6 H:/programering/nrfx/src/sample/../../build/nrfx_uarte.c.o
 .debug_macro   0x000002e6      0xaf0 H:/programering/nrfx/src/sample/../../build/nrfx_uarte.c.o
 .debug_macro   0x00000dd6       0x1c H:/programering/nrfx/src/sample/../../build/nrfx_uarte.c.o
 .debug_macro   0x00000df2      0x5f9 H:/programering/nrfx/src/sample/../../build/nrfx_uarte.c.o
 .debug_macro   0x000013eb       0x22 H:/programering/nrfx/src/sample/../../build/nrfx_uarte.c.o
 .debug_macro   0x0000140d       0x56 H:/programering/nrfx/src/sample/../../build/nrfx_uarte.c.o
 .debug_macro   0x00001463       0x51 H:/programering/nrfx/src/sample/../../build/nrfx_uarte.c.o
 .debug_macro   0x000014b4      0x103 H:/programering/nrfx/src/sample/../../build/nrfx_uarte.c.o
 .debug_macro   0x000015b7       0x6a H:/programering/nrfx/src/sample/../../build/nrfx_uarte.c.o
 .debug_macro   0x00001621      0x1df H:/programering/nrfx/src/sample/../../build/nrfx_uarte.c.o
 .debug_macro   0x00001800      0x189 H:/programering/nrfx/src/sample/../../build/nrfx_uarte.c.o
 .debug_macro   0x00001989       0x22 H:/programering/nrfx/src/sample/../../build/nrfx_uarte.c.o
 .debug_macro   0x000019ab       0x7b H:/programering/nrfx/src/sample/../../build/nrfx_uarte.c.o
 .debug_macro   0x00001a26       0x2a H:/programering/nrfx/src/sample/../../build/nrfx_uarte.c.o
 .debug_macro   0x00001a50       0x3c H:/programering/nrfx/src/sample/../../build/nrfx_uarte.c.o
 .debug_macro   0x00001a8c       0x34 H:/programering/nrfx/src/sample/../../build/nrfx_uarte.c.o
 .debug_macro   0x00001ac0      0x38c H:/programering/nrfx/src/sample/../../build/nrfx_uarte.c.o
 .debug_macro   0x00001e4c       0x16 H:/programering/nrfx/src/sample/../../build/nrfx_uarte.c.o
 .debug_macro   0x00001e62       0x4a H:/programering/nrfx/src/sample/../../build/nrfx_uarte.c.o
 .debug_macro   0x00001eac       0x34 H:/programering/nrfx/src/sample/../../build/nrfx_uarte.c.o
 .debug_macro   0x00001ee0       0x10 H:/programering/nrfx/src/sample/../../build/nrfx_uarte.c.o
 .debug_macro   0x00001ef0       0x58 H:/programering/nrfx/src/sample/../../build/nrfx_uarte.c.o
 .debug_macro   0x00001f48      0x1de H:/programering/nrfx/src/sample/../../build/nrfx_uarte.c.o
 .debug_macro   0x00002126       0x10 H:/programering/nrfx/src/sample/../../build/nrfx_uarte.c.o
 .debug_macro   0x00002136       0x3c H:/programering/nrfx/src/sample/../../build/nrfx_uarte.c.o
 .debug_macro   0x00002172       0x7c H:/programering/nrfx/src/sample/../../build/nrfx_uarte.c.o
 .debug_macro   0x000021ee       0x17 H:/programering/nrfx/src/sample/../../build/nrfx_uarte.c.o
 .debug_macro   0x00002205       0xee H:/programering/nrfx/src/sample/../../build/nrfx_uarte.c.o
 .debug_macro   0x000022f3       0x2e H:/programering/nrfx/src/sample/../../build/nrfx_uarte.c.o
 .debug_macro   0x00002321       0x50 H:/programering/nrfx/src/sample/../../build/nrfx_uarte.c.o
 .debug_macro   0x00002371       0x1c H:/programering/nrfx/src/sample/../../build/nrfx_uarte.c.o
 .debug_macro   0x0000238d       0x29 H:/programering/nrfx/src/sample/../../build/nrfx_uarte.c.o
 .debug_macro   0x000023b6       0xfb H:/programering/nrfx/src/sample/../../build/nrfx_uarte.c.o
 .debug_macro   0x000024b1     0x1685 H:/programering/nrfx/src/sample/../../build/nrfx_uarte.c.o
 .debug_macro   0x00003b36       0x5e H:/programering/nrfx/src/sample/../../build/nrfx_uarte.c.o
 .debug_macro   0x00003b94      0x7ba H:/programering/nrfx/src/sample/../../build/nrfx_uarte.c.o
 .debug_macro   0x0000434e    0x1248c H:/programering/nrfx/src/sample/../../build/nrfx_uarte.c.o
 .debug_macro   0x000167da       0x52 H:/programering/nrfx/src/sample/../../build/nrfx_uarte.c.o
 .debug_macro   0x0001682c       0x12 H:/programering/nrfx/src/sample/../../build/nrfx_uarte.c.o
 .debug_macro   0x0001683e       0x6a H:/programering/nrfx/src/sample/../../build/nrfx_uarte.c.o
 .debug_macro   0x000168a8      0xa39 H:/programering/nrfx/src/sample/../../build/nrfx_uarte.c.o
 .debug_macro   0x000172e1       0x64 H:/programering/nrfx/src/sample/../../build/nrfx_uarte.c.o
 .debug_macro   0x00017345      0x44e H:/programering/nrfx/src/sample/../../build/nrfx_uarte.c.o
 .debug_macro   0x00017793      0x10f H:/programering/nrfx/src/sample/../../build/nrfx_uarte.c.o
 .debug_macro   0x000178a2      0x157 H:/programering/nrfx/src/sample/../../build/nrfx_uarte.c.o
 .debug_macro   0x000179f9       0xf1 H:/programering/nrfx/src/sample/../../build/nrfx_uarte.c.o
 .debug_macro   0x00017aea       0x34 H:/programering/nrfx/src/sample/../../build/nrfx_uarte.c.o
 .debug_macro   0x00017b1e       0x4c H:/programering/nrfx/src/sample/../../build/nrfx_uarte.c.o
 .debug_macro   0x00017b6a       0x16 H:/programering/nrfx/src/sample/../../build/nrfx_uarte.c.o
 .debug_macro   0x00017b80       0x22 H:/programering/nrfx/src/sample/../../build/nrfx_uarte.c.o
 .debug_macro   0x00017ba2       0x17 H:/programering/nrfx/src/sample/../../build/nrfx_uarte.c.o
 .debug_macro   0x00017bb9       0x28 H:/programering/nrfx/src/sample/../../build/nrfx_uarte.c.o
 .debug_macro   0x00017be1       0x7b H:/programering/nrfx/src/sample/../../build/nrfx_uarte.c.o
 .debug_macro   0x00017c5c       0x41 H:/programering/nrfx/src/sample/../../build/nrfx_uarte.c.o
 .debug_macro   0x00017c9d      0x2b8 H:/programering/nrfx/src/sample/../../build/nrfx_systick.c.o
 .debug_macro   0x00017f55       0x10 H:/programering/nrfx/src/sample/../../build/nrfx_systick.c.o
 .debug_macro   0x00017f65      0x16a H:/programering/nrfx/src/sample/../../build/system_nrf5340_application.c.o
 .debug_macro   0x000180cf      0x5e4 H:/programering/nrfx/src/sample/../../build/system_nrf5340_application.c.o
 .debug_macro   0x000186b3      0x354 H:/programering/nrfx/src/sample/../../build/main.c.o
 .debug_macro   0x00018a07       0x16 H:/programering/nrfx/src/sample/../../build/main.c.o
 .debug_macro   0x00018a1d       0x22 H:/programering/nrfx/src/sample/../../build/main.c.o
 .debug_macro   0x00018a3f       0x1c H:/programering/nrfx/src/sample/../../build/main.c.o
 .debug_macro   0x00018a5b       0x10 H:/programering/nrfx/src/sample/../../build/main.c.o
 .debug_macro   0x00018a6b       0x16 H:/programering/nrfx/src/sample/../../build/main.c.o
 .debug_macro   0x00018a81       0x16 H:/programering/nrfx/src/sample/../../build/main.c.o
 .debug_macro   0x00018a97      0x12a H:/programering/nrfx/src/sample/../../build/main.c.o
 .debug_macro   0x00018bc1       0x46 H:/programering/nrfx/src/sample/../../build/main.c.o
 .debug_macro   0x00018c07       0x1d H:/programering/nrfx/src/sample/../../build/main.c.o
 .debug_macro   0x00018c24      0x354 H:/programering/nrfx/src/sample/../../build/grupp_18.c.o
 .debug_macro   0x00018f78      0x2be H:/programering/nrfx/src/sample/../../build/nrfx_rtc.c.o

.debug_line     0x00000000     0x53d5
 .debug_line    0x00000000     0x1532 H:/programering/nrfx/src/sample/../../build/nrfx_uarte.c.o
 .debug_line    0x00001532      0x763 H:/programering/nrfx/src/sample/../../build/nrfx_systick.c.o
 .debug_line    0x00001c95       0x84 H:/programering/nrfx/src/sample/../../build/gcc_startup_nrf5340_application.S.o
 .debug_line    0x00001d19     0x198f H:/programering/nrfx/src/sample/../../build/system_nrf5340_application.c.o
 .debug_line    0x000036a8      0x97d H:/programering/nrfx/src/sample/../../build/main.c.o
 .debug_line    0x00004025      0x6d2 H:/programering/nrfx/src/sample/../../build/grupp_18.c.o
 .debug_line    0x000046f7      0xcde H:/programering/nrfx/src/sample/../../build/nrfx_rtc.c.o

.debug_str      0x00000000    0x99928
 .debug_str     0x00000000    0x99928 H:/programering/nrfx/src/sample/../../build/nrfx_uarte.c.o
                              0x95611 (size before relaxing)
 .debug_str     0x00099928    0x93471 H:/programering/nrfx/src/sample/../../build/nrfx_systick.c.o
 .debug_str     0x00099928      0x3f7 H:/programering/nrfx/src/sample/../../build/gcc_startup_nrf5340_application.S.o
 .debug_str     0x00099928    0x845cd H:/programering/nrfx/src/sample/../../build/system_nrf5340_application.c.o
 .debug_str     0x00099928    0x95550 H:/programering/nrfx/src/sample/../../build/main.c.o
 .debug_str     0x00099928    0x9496a H:/programering/nrfx/src/sample/../../build/grupp_18.c.o
 .debug_str     0x00099928    0x946eb H:/programering/nrfx/src/sample/../../build/nrfx_rtc.c.o

.debug_frame    0x00000000     0x2bbc
 .debug_frame   0x00000000      0xc58 H:/programering/nrfx/src/sample/../../build/nrfx_uarte.c.o
 .debug_frame   0x00000c58      0x1a4 H:/programering/nrfx/src/sample/../../build/nrfx_systick.c.o
 .debug_frame   0x00000dfc     0x10bc H:/programering/nrfx/src/sample/../../build/system_nrf5340_application.c.o
 .debug_frame   0x00001eb8      0x210 H:/programering/nrfx/src/sample/../../build/main.c.o
 .debug_frame   0x000020c8       0x7c H:/programering/nrfx/src/sample/../../build/grupp_18.c.o
 .debug_frame   0x00002144      0x6cc H:/programering/nrfx/src/sample/../../build/nrfx_rtc.c.o
 .debug_frame   0x00002810       0x30 C:/Apps/arm-toolchain/bin/../lib/gcc/arm-none-eabi/13.2.1/thumb/v8-m.main+fp/hard\libc_nano.a(libc_a-atoi.o)
 .debug_frame   0x00002840       0x28 C:/Apps/arm-toolchain/bin/../lib/gcc/arm-none-eabi/13.2.1/thumb/v8-m.main+fp/hard\libc_nano.a(libc_a-exit.o)
 .debug_frame   0x00002868       0x64 C:/Apps/arm-toolchain/bin/../lib/gcc/arm-none-eabi/13.2.1/thumb/v8-m.main+fp/hard\libc_nano.a(libc_a-strtol.o)
 .debug_frame   0x000028cc      0x144 C:/Apps/arm-toolchain/bin/../lib/gcc/arm-none-eabi/13.2.1/thumb/v8-m.main+fp/hard\libc_nano.a(libc_a-findfp.o)
 .debug_frame   0x00002a10       0x20 C:/Apps/arm-toolchain/bin/../lib/gcc/arm-none-eabi/13.2.1/thumb/v8-m.main+fp/hard\libc_nano.a(libc_a-memset.o)
 .debug_frame   0x00002a30       0x20 C:/Apps/arm-toolchain/bin/../lib/gcc/arm-none-eabi/13.2.1/thumb/v8-m.main+fp/hard\libc_nano.a(libc_a-errno.o)
 .debug_frame   0x00002a50       0x2c C:/Apps/arm-toolchain/bin/../lib/gcc/arm-none-eabi/13.2.1/thumb/v8-m.main+fp/hard\libc_nano.a(libc_a-init.o)
 .debug_frame   0x00002a7c       0x20 C:/Apps/arm-toolchain/bin/../lib/gcc/arm-none-eabi/13.2.1/thumb/v8-m.main+fp/hard\libnosys.a(_exit.o)
 .debug_frame   0x00002a9c       0xac C:/Apps/arm-toolchain/bin/../lib/gcc/arm-none-eabi/13.2.1/thumb/v8-m.main+fp/hard\libgcc.a(_arm_addsubdf3.o)
 .debug_frame   0x00002b48       0x50 C:/Apps/arm-toolchain/bin/../lib/gcc/arm-none-eabi/13.2.1/thumb/v8-m.main+fp/hard\libgcc.a(_arm_muldivdf3.o)
 .debug_frame   0x00002b98       0x24 C:/Apps/arm-toolchain/bin/../lib/gcc/arm-none-eabi/13.2.1/thumb/v8-m.main+fp/hard\libgcc.a(_arm_fixdfsi.o)
